[2026-07-14T02:39:52.893Z] POST /api/auth/login - 500 - Invalid password
Error: Invalid password
    at UserUsecase.<anonymous> (C:\Users\PRINTARA\Documents\GitHub\shop-co\backend\src\application\usecases\user\user.usecase.ts:26:19)
    at Generator.next (<anonymous>)
    at fulfilled (C:\Users\PRINTARA\Documents\GitHub\shop-co\backend\src\application\usecases\user\user.usecase.ts:5:58)
    at processTicksAndRejections (node:internal/process/task_queues:104:5)

[2026-07-14T02:40:31.549Z] POST /api/auth/login - 500 - Invalid password
Error: Invalid password
    at UserUsecase.<anonymous> (C:\Users\PRINTARA\Documents\GitHub\shop-co\backend\src\application\usecases\user\user.usecase.ts:26:19)
    at Generator.next (<anonymous>)
    at fulfilled (C:\Users\PRINTARA\Documents\GitHub\shop-co\backend\src\application\usecases\user\user.usecase.ts:5:58)
    at processTicksAndRejections (node:internal/process/task_queues:104:5)

[2026-07-14T02:40:41.031Z] POST /api/auth/login - 500 - User not found
Error: User not found
    at UserUsecase.<anonymous> (C:\Users\PRINTARA\Documents\GitHub\shop-co\backend\src\application\usecases\user\user.usecase.ts:23:19)
    at Generator.next (<anonymous>)
    at fulfilled (C:\Users\PRINTARA\Documents\GitHub\shop-co\backend\src\application\usecases\user\user.usecase.ts:5:58)
    at processTicksAndRejections (node:internal/process/task_queues:104:5)

[2026-07-14T02:40:49.434Z] POST /api/auth/login - 500 - Invalid password
Error: Invalid password
    at UserUsecase.<anonymous> (C:\Users\PRINTARA\Documents\GitHub\shop-co\backend\src\application\usecases\user\user.usecase.ts:26:19)
    at Generator.next (<anonymous>)
    at fulfilled (C:\Users\PRINTARA\Documents\GitHub\shop-co\backend\src\application\usecases\user\user.usecase.ts:5:58)
    at processTicksAndRejections (node:internal/process/task_queues:104:5)

[2026-07-14T02:40:49.522Z] POST /api/auth/login - 500 - Invalid password
Error: Invalid password
    at UserUsecase.<anonymous> (C:\Users\PRINTARA\Documents\GitHub\shop-co\backend\src\application\usecases\user\user.usecase.ts:26:19)
    at Generator.next (<anonymous>)
    at fulfilled (C:\Users\PRINTARA\Documents\GitHub\shop-co\backend\src\application\usecases\user\user.usecase.ts:5:58)
    at processTicksAndRejections (node:internal/process/task_queues:104:5)

[2026-07-14T02:40:49.608Z] POST /api/auth/login - 500 - Invalid password
Error: Invalid password
    at UserUsecase.<anonymous> (C:\Users\PRINTARA\Documents\GitHub\shop-co\backend\src\application\usecases\user\user.usecase.ts:26:19)
    at Generator.next (<anonymous>)
    at fulfilled (C:\Users\PRINTARA\Documents\GitHub\shop-co\backend\src\application\usecases\user\user.usecase.ts:5:58)
    at processTicksAndRejections (node:internal/process/task_queues:104:5)

[2026-07-14T02:40:49.693Z] POST /api/auth/login - 500 - Invalid password
Error: Invalid password
    at UserUsecase.<anonymous> (C:\Users\PRINTARA\Documents\GitHub\shop-co\backend\src\application\usecases\user\user.usecase.ts:26:19)
    at Generator.next (<anonymous>)
    at fulfilled (C:\Users\PRINTARA\Documents\GitHub\shop-co\backend\src\application\usecases\user\user.usecase.ts:5:58)
    at processTicksAndRejections (node:internal/process/task_queues:104:5)

[2026-07-14T02:40:49.782Z] POST /api/auth/login - 500 - Invalid password
Error: Invalid password
    at UserUsecase.<anonymous> (C:\Users\PRINTARA\Documents\GitHub\shop-co\backend\src\application\usecases\user\user.usecase.ts:26:19)
    at Generator.next (<anonymous>)
    at fulfilled (C:\Users\PRINTARA\Documents\GitHub\shop-co\backend\src\application\usecases\user\user.usecase.ts:5:58)
    at processTicksAndRejections (node:internal/process/task_queues:104:5)

